# 복제 10장
데이터의 동일한 복사본을 만들어 여러 서버상에서 보관하는 방법이며 한대의 서버에 문제가 발생했을 때 이를 대비하기 위한 방법

- 한 대의 프라이머리와 여러 대의 세컨더리
- 프라이머리가 죽으면 세컨더리 중에서 프라이머리 선출
  - 선출할 때 과반수, 우선순위, 최근의 데이터를 가지고 있는지 등을 고려해서 선출한다.
- 복제 셋 소개, 복제 설정하는 방법

## 복제 셋 설정 1
1. 3개의 폴더 만들기
   ```
   mkdir -p ~/data/rs{1,2,3}
   ```
2. 별도 터미널에서 복제 셋의 이름과 데이터베이스 파일이 저장될 경로, 포트 등 설정
   ```
   mongod --replSet mdbDefGuide --dbpath ~/data/rs1 --port 27018 --logpath ~/data/rs1/mongod.log
   ```
   ```
   mongod --replSet mdbDefGuide --dbpath ~/data/rs3 --port 27020 --logpath ~/data/rs3/mongod.log
   ```
   ```
   mongod --replSet mdbDefGuide --dbpath ~/data/rs2 --port 27019 --logpath ~/data/rs2/mongod.log
   ```

## 네트워크 고려사항
복제 셋의 각 멤버가 다른 멤버와 통신하려면 bind_ip 설정이 필요하다.
예전에 몽고컴패스에서 접속하기 위해 bind_ip를 수정한 기억을 떠올리면 될 거 같다.

나 같은 경우 모두 로컬호스트(몽고DB 3.6의 기본)여서 별도의 설정은 하지 않았다.
하지만 그렇지 않고 별도 다른 서버와도 통신하려면 아래와 같이 설정한다.
```java
mongod --bind_ip localhost, 192.51.100.1 --replSet mdbDefGuide \ --dbpath ~/data/rs1 --port 27017 
```

이외의 IP 주소와 통신할 때 암호화 등 고려해야 하는데 이는 19장에서 배운다고 한다.

## 복제 셋 설정 2
다른 터미널에서 접속해보자 
책에서는 mongo 접속하는데 최신 버전에서는 mongosh로 접속이 가능하다.
```
mongosh --port 27019
```

복제셋을 형성한다.
![image](https://github.com/user-attachments/assets/1cec51b6-ef60-4737-bc34-84856c03a86d)

상태를 출력해보자
```java
mdbDefGuide [direct: secondary] test> rs.status()
{
  set: 'mdbDefGuide',
  date: ISODate('2024-09-09T03:58:01.681Z'),
  myState: 1,
  term: Long('1'),
  syncSourceHost: '',
  syncSourceId: -1,
  heartbeatIntervalMillis: Long('2000'),
  majorityVoteCount: 2,
  writeMajorityCount: 2,
  votingMembersCount: 3,
  writableVotingMembersCount: 3,
  optimes: {
    lastCommittedOpTime: { ts: Timestamp({ t: 1725854277, i: 1 }), t: Long('1') },
    lastCommittedWallTime: ISODate('2024-09-09T03:57:57.927Z'),
    readConcernMajorityOpTime: { ts: Timestamp({ t: 1725854277, i: 1 }), t: Long('1') },
    appliedOpTime: { ts: Timestamp({ t: 1725854277, i: 1 }), t: Long('1') },
    durableOpTime: { ts: Timestamp({ t: 1725854277, i: 1 }), t: Long('1') },
    lastAppliedWallTime: ISODate('2024-09-09T03:57:57.927Z'),
    lastDurableWallTime: ISODate('2024-09-09T03:57:57.927Z')
  },
  lastStableRecoveryTimestamp: Timestamp({ t: 1725854251, i: 4 }),
  electionCandidateMetrics: {
    lastElectionReason: 'electionTimeout',
    lastElectionDate: ISODate('2024-09-09T03:56:47.796Z'),
    electionTerm: Long('1'),
    lastCommittedOpTimeAtElection: { ts: Timestamp({ t: 1725854196, i: 1 }), t: Long('-1') },
    lastSeenOpTimeAtElection: { ts: Timestamp({ t: 1725854196, i: 1 }), t: Long('-1') },
    numVotesNeeded: 2,
    priorityAtElection: 1,
    electionTimeoutMillis: Long('10000'),
    numCatchUpOps: Long('0'),
    newTermStartDate: ISODate('2024-09-09T03:56:47.868Z'),
    wMajorityWriteAvailabilityDate: ISODate('2024-09-09T03:56:48.419Z')
  },
  members: [
    {
      _id: 0,
      name: 'localhost:27018',
      health: 1,
      state: 2,
      stateStr: 'SECONDARY',
      uptime: 84,
      optime: { ts: Timestamp({ t: 1725854277, i: 1 }), t: Long('1') },
      optimeDurable: { ts: Timestamp({ t: 1725854277, i: 1 }), t: Long('1') },
      optimeDate: ISODate('2024-09-09T03:57:57.000Z'),
      optimeDurableDate: ISODate('2024-09-09T03:57:57.000Z'),
      lastAppliedWallTime: ISODate('2024-09-09T03:57:57.927Z'),
      lastDurableWallTime: ISODate('2024-09-09T03:57:57.927Z'),
      lastHeartbeat: ISODate('2024-09-09T03:57:59.868Z'),
      lastHeartbeatRecv: ISODate('2024-09-09T03:58:00.892Z'),
      pingMs: Long('0'),
      lastHeartbeatMessage: '',
      syncSourceHost: 'localhost:27019',
      syncSourceId: 1,
      infoMessage: '',
      configVersion: 1,
      configTerm: 1
    },
    {
      _id: 1,
      name: 'localhost:27019',
      health: 1,
      state: 1,
      stateStr: 'PRIMARY',
      uptime: 3987,
      optime: { ts: Timestamp({ t: 1725854277, i: 1 }), t: Long('1') },
      optimeDate: ISODate('2024-09-09T03:57:57.000Z'),
      lastAppliedWallTime: ISODate('2024-09-09T03:57:57.927Z'),
      lastDurableWallTime: ISODate('2024-09-09T03:57:57.927Z'),
      syncSourceHost: '',
      syncSourceId: -1,
      infoMessage: 'Could not find member to sync from',
      electionTime: Timestamp({ t: 1725854207, i: 1 }),
      electionDate: ISODate('2024-09-09T03:56:47.000Z'),
      configVersion: 1,
      configTerm: 1,
      self: true,
      lastHeartbeatMessage: ''
    },
    {
      _id: 2,
      name: 'localhost:27020',
      health: 1,
      state: 2,
      stateStr: 'SECONDARY',
      uptime: 84,
      optime: { ts: Timestamp({ t: 1725854277, i: 1 }), t: Long('1') },
      optimeDurable: { ts: Timestamp({ t: 1725854277, i: 1 }), t: Long('1') },
      optimeDate: ISODate('2024-09-09T03:57:57.000Z'),
      optimeDurableDate: ISODate('2024-09-09T03:57:57.000Z'),
      lastAppliedWallTime: ISODate('2024-09-09T03:57:57.927Z'),
      lastDurableWallTime: ISODate('2024-09-09T03:57:57.927Z'),
      lastHeartbeat: ISODate('2024-09-09T03:57:59.868Z'),
      lastHeartbeatRecv: ISODate('2024-09-09T03:58:00.892Z'),
      pingMs: Long('0'),
      lastHeartbeatMessage: '',
      syncSourceHost: 'localhost:27019',
      syncSourceId: 1,
      infoMessage: '',
      configVersion: 1,
      configTerm: 1
    }
  ],
  ok: 1,
  '$clusterTime': {
    clusterTime: Timestamp({ t: 1725854277, i: 1 }),
    signature: {
      hash: Binary.createFromBase64('AAAAAAAAAAAAAAAAAAAAAAAAAAA=', 0),
      keyId: Long('0')
    }
  },
  operationTime: Timestamp({ t: 1725854277, i: 1 })
}

```
저 상태를 통해서 누가 프라이머리이고 세컨더리인지 확인이 가능하다.

## 복제 관찰
현재 내가 접속한 localhost:27019가 프라이머리이기 때문에
프롬프트가 변경되었다.
```
mdbDefGuide [direct: primary] test> 
```

프라이머리로 가서 쓰기 작업을 진행한다.
```
mdbDefGuide [direct: primary] post> for(i=0;i<1000;i++){db.coll.insert({count:i})}
DeprecationWarning: Collection.insert() is deprecated. Use insertOne, insertMany, or bulkWrite.
{
  acknowledged: true,
  insertedIds: { '0': ObjectId('66e1c0d906df65c916827b58') }
}
```
insertMany로 진행했어야 했는데 일단 디프리케이티드 되었지만 진행은 되었다.


이 상태에서 다른 세컨더리로 복제가 잘 되었는지 확인하고 싶을 것이다.
확인하려고 세컨더리에 대한 find()를 날리면 책에서는 오류를 뱉는다고 했는데 실제로 그렇지는 않았다.
오류를 뱉는 이유는 세컨더리는 최신화가 뒤쳐지기 때문에 실효 데이터를 읽지 않도록 하기 위함이라고 한다.
![image](https://github.com/user-attachments/assets/88afba80-17f1-4592-a150-3e5b8b553643)

당연하지만 세컨더리에서 클라이언트를 통한 쓰기는 절대 안된다!!

만약에 프라이머리가 중단된다면 세컨더리는 본인들 중에서 프라이머리를 선출한다.
![image](https://github.com/user-attachments/assets/f1a1f1e9-c060-4553-ad2c-0ece9fcaad42)

![image](https://github.com/user-attachments/assets/c5aa7ce5-43f9-4cc2-8bfb-f5f736e75f0a)

원래 localhost:27020이 프라이머리였는데 강제로 셧다운시켰더니 이제 프라이머리가 localhost:27018로 바뀌게 되었다.

## 복제 설정
- 복제셋 추가하기
  ![image](https://github.com/user-attachments/assets/ef060e8b-5e68-49a6-b5ef-4acaeeee3b6d)
  세컨더리에서 추가하는 작업을 진행하면 프라이머리에서 진행하라는 경고가 등장한다.
  ```
  mdbDefGuide [direct: primary] test>  rs.add("localhost:27021")
  ```
  그래서 위와 같이 프라이머리에서 추가하는 작업을 진행해야 한다.
  ![image](https://github.com/user-attachments/assets/880b90cc-6819-4edc-b66b-1bd8778f23fc)
  설정을 바꿀때마다 저 setVersion의 숫자가 증가한다. (1부터 시작)

- 복제셋 삭제하기
  ```
  mdbDefGuide [direct: primary] test>  rs.remove("localhost:27021")
  ```
## 복제 셋 설계 방법
여기서 **과반수**의 개념이 등장한다.
- 프라이머리 선출을 위해서는 과반수 이상의 복제 셋이 필요하다. (만약에 이 조건을 충족하지 못하면 모두 세컨더리이다.)
- 프라이머리는 과반수 이상이어야만 자신의 지위를 유지할 수 있다.
- 쓰기는 과반수 이상에 복제되어야 안전하다.

복제셋 3개인 상태에서 과반수는 2개인데 이를 충족하지 못하도록 2개를 셧다운 시켜보았다.
![image](https://github.com/user-attachments/assets/34d34de6-8f73-48fe-8f8b-b68b3015ee6e)

그랬더니 위와 같이 1개만 남았고 프라이머리는 없고 세컨더리만 있게 되었다.</br>

#### 남은 멤버로 프라이머리를 선출하지 않는 이유
서로 다른 데이터 센터에 있는 경우 서버 내부의 문제보다는 서로 데이터센터 간의 네트워크 다운일 수도 있다.
즉 아래의 상황이며 과반수를 고려하지 않고 프라이머리를 선출하게 된다면 DC1에도 프라이머리가 있고 DC2에도 프라이머리가 생기게 된다.
프라이머리를 한개만 두어야 하는 이유는 쓰기 충돌이 발생할 수 있기 때문이다.
![image](https://github.com/user-attachments/assets/575c7bd2-1ed0-470f-9f5b-52f6ea89de95)

일반적인 구성은 아래와 같다.
- 하나의 데이터 센터에 복제 셋의 과반수가 있는 구성이다(위에 있는 그림과 같다.)
- 각 데이터 센터 내에 서버 개수가 동일하고 또 다른 위치에 동점 상황을 판가름할 서버가 있는 경우이다. 일반적으로 양쪽 데이터 센터 내 서버에서 복제셋의 과반수를 확인할 수 있으므로 두 데이터센터의 선호도가
  동일할 때 적합한 설계이디ㅏ. 하지만 이 때 각 서버는 세 개의 분리된 위치에 있어야 한다.
  이해가 되지 않아서 chatgpt에 물어봤다.
  
  ![image](https://github.com/user-attachments/assets/a157dcee-e5b6-4fc1-b850-1652d36a9740)
  뒤에 배우는 아비터가 타이 브레이커의 역할을 하는 듯 싶다.
### 어떻게 프라이머리를 산출하는지
세컨더리가 프라이머리가 되지 못하면 다른 멤버들에게 이를 알리고 자신을 프라이머로 선출해줄 것을 요청
그럴 때 나머지 멤버들은 아래와 같은 항목을 토대로 프라이머리를 선출한다.
- 요청받은 멤버가 프라이머리에 도달할 수 있는가?
- 복제 데이터가 최신인가?
- 우선순위가 높은가?

2초마다 하트비트(핑퐁) 요청을 보내 다른 멤버들이 접근할 수 있는 상태인지 확인

## 멤버 구성 옵셩
### 우선순위 : 특정 멤버가 얼마나 프라이머리가 되기를 원하는지의 지표
- default : 1
- 범위 : 0 ~ 100
- 0은 절대 프라이머리가 될 수 없다 이러한 멤버를 수동적 멤버라고 부른다.
```
mdbDefGuide [direct: primary] test> rs.isMaster()
{
  topologyVersion: {
    processId: ObjectId('66e67c1075b425d31ae7618f'),
    counter: Long('6')
  },
  hosts: [ 'localhost:27018', 'localhost:27019', 'localhost:27020' ],
  setName: 'mdbDefGuide',
  setVersion: 1,
  ismaster: true,
  secondary: false,
  primary: 'localhost:27018',
  me: 'localhost:27018',
  electionId: ObjectId('7fffffff0000000000000001'),
  lastWrite: {
    opTime: { ts: Timestamp({ t: 1726381508, i: 1 }), t: Long('1') },
    lastWriteDate: ISODate('2024-09-15T06:25:08.000Z'),
    majorityOpTime: { ts: Timestamp({ t: 1726381508, i: 1 }), t: Long('1') },
    majorityWriteDate: ISODate('2024-09-15T06:25:08.000Z')
  },
  maxBsonObjectSize: 16777216,
  maxMessageSizeBytes: 48000000,
  maxWriteBatchSize: 100000,
  localTime: ISODate('2024-09-15T06:25:15.379Z'),
  logicalSessionTimeoutMinutes: 30,
  connectionId: 28,
  minWireVersion: 0,
  maxWireVersion: 21,
  readOnly: false,
  ok: 1,
  '$clusterTime': {
    clusterTime: Timestamp({ t: 1726381508, i: 1 }),
    signature: {
      hash: Binary.createFromBase64('AAAAAAAAAAAAAAAAAAAAAAAAAAA=', 0),
      keyId: Long('0')
    }
  },
  operationTime: Timestamp({ t: 1726381508, i: 1 }),
  isWritablePrimary: true
}
```
현재 localhost:27018이 프라이머리로 선정된 상태이지만 localhost:27020이 프라이머리로 선출되도록 우선순위를 높여보겠다.

```
mdbDefGuide [direct: primary] test> var config = rs.config()

mdbDefGuide [direct: primary] test> config.members[2].priority = 2
2
mdbDefGuide [direct: primary] test> rs.reconfig(config)
{
  ok: 1,
  '$clusterTime': {
    clusterTime: Timestamp({ t: 1726381583, i: 1 }),
    signature: {
      hash: Binary.createFromBase64('AAAAAAAAAAAAAAAAAAAAAAAAAAA=', 0),
      keyId: Long('0')
    }
  },
  operationTime: Timestamp({ t: 1726381583, i: 1 })
}
mdbDefGuide [direct: primary] test> exit
```
```
mdbDefGuide [direct: secondary] test> rs.status()
{
  set: 'mdbDefGuide',
  date: ISODate('2024-09-15T06:27:04.834Z'),
  myState: 2,
  term: Long('2'),
  syncSourceHost: 'localhost:27020',
  syncSourceId: 2,
  heartbeatIntervalMillis: Long('2000'),
  majorityVoteCount: 2,
  writeMajorityCount: 2,
  votingMembersCount: 3,
  writableVotingMembersCount: 3,
  optimes: {
    lastCommittedOpTime: { ts: Timestamp({ t: 1726381623, i: 1 }), t: Long('2') },
    lastCommittedWallTime: ISODate('2024-09-15T06:27:03.993Z'),
    readConcernMajorityOpTime: { ts: Timestamp({ t: 1726381623, i: 1 }), t: Long('2') },
    appliedOpTime: { ts: Timestamp({ t: 1726381623, i: 1 }), t: Long('2') },
    durableOpTime: { ts: Timestamp({ t: 1726381623, i: 1 }), t: Long('2') },
    lastAppliedWallTime: ISODate('2024-09-15T06:27:03.993Z'),
    lastDurableWallTime: ISODate('2024-09-15T06:27:03.993Z')
  },
  lastStableRecoveryTimestamp: Timestamp({ t: 1726381593, i: 2 }),
  electionParticipantMetrics: {
    votedForCandidate: true,
    electionTerm: Long('2'),
    lastVoteDate: ISODate('2024-09-15T06:26:33.966Z'),
    electionCandidateMemberId: 2,
    voteReason: '',
    lastAppliedOpTimeAtElection: { ts: Timestamp({ t: 1726381583, i: 1 }), t: Long('1') },
    maxAppliedOpTimeInSet: { ts: Timestamp({ t: 1726381583, i: 1 }), t: Long('1') },
    priorityAtElection: 1,
    newTermStartDate: ISODate('2024-09-15T06:26:33.975Z'),
    newTermAppliedDate: ISODate('2024-09-15T06:26:33.984Z')
  },
  members: [
    {
      _id: 0,
      name: 'localhost:27018',
      health: 1,
      state: 2,
      stateStr: 'SECONDARY',
      uptime: 552,
      optime: { ts: Timestamp({ t: 1726381623, i: 1 }), t: Long('2') },
      optimeDate: ISODate('2024-09-15T06:27:03.000Z'),
      lastAppliedWallTime: ISODate('2024-09-15T06:27:03.993Z'),
      lastDurableWallTime: ISODate('2024-09-15T06:27:03.993Z'),
      syncSourceHost: 'localhost:27020',
      syncSourceId: 2,
      infoMessage: '',
      configVersion: 2,
      configTerm: 2,
      self: true,
      lastHeartbeatMessage: ''
    },
    {
      _id: 1,
      name: 'localhost:27019',
      health: 1,
      state: 2,
      stateStr: 'SECONDARY',
      uptime: 207,
      optime: { ts: Timestamp({ t: 1726381623, i: 1 }), t: Long('2') },
      optimeDurable: { ts: Timestamp({ t: 1726381623, i: 1 }), t: Long('2') },
      optimeDate: ISODate('2024-09-15T06:27:03.000Z'),
      optimeDurableDate: ISODate('2024-09-15T06:27:03.000Z'),
      lastAppliedWallTime: ISODate('2024-09-15T06:27:03.993Z'),
      lastDurableWallTime: ISODate('2024-09-15T06:27:03.993Z'),
      lastHeartbeat: ISODate('2024-09-15T06:27:04.003Z'),
      lastHeartbeatRecv: ISODate('2024-09-15T06:27:04.002Z'),
      pingMs: Long('0'),
      lastHeartbeatMessage: '',
      syncSourceHost: 'localhost:27018',
      syncSourceId: 0,
      infoMessage: '',
      configVersion: 2,
      configTerm: 2
    },
    {
      _id: 2,
      name: 'localhost:27020',
      health: 1,
      state: 1,
      stateStr: 'PRIMARY',
      uptime: 207,
      optime: { ts: Timestamp({ t: 1726381623, i: 1 }), t: Long('2') },
      optimeDurable: { ts: Timestamp({ t: 1726381623, i: 1 }), t: Long('2') },
      optimeDate: ISODate('2024-09-15T06:27:03.000Z'),
      optimeDurableDate: ISODate('2024-09-15T06:27:03.000Z'),
      lastAppliedWallTime: ISODate('2024-09-15T06:27:03.993Z'),
      lastDurableWallTime: ISODate('2024-09-15T06:27:03.993Z'),
      lastHeartbeat: ISODate('2024-09-15T06:27:04.508Z'),
      lastHeartbeatRecv: ISODate('2024-09-15T06:27:04.003Z'),
      pingMs: Long('0'),
      lastHeartbeatMessage: '',
      syncSourceHost: '',
      syncSourceId: -1,
      infoMessage: '',
      electionTime: Timestamp({ t: 1726381593, i: 1 }),
      electionDate: ISODate('2024-09-15T06:26:33.000Z'),
      configVersion: 2,
      configTerm: 2
    }
  ],
  ok: 1,
  '$clusterTime': {
    clusterTime: Timestamp({ t: 1726381623, i: 1 }),
    signature: {
      hash: Binary.createFromBase64('AAAAAAAAAAAAAAAAAAAAAAAAAAA=', 0),
      keyId: Long('0')
    }
  },
  operationTime: Timestamp({ t: 1726381623, i: 1 })
}
```

보면 localhost:27020이 프라이머리로 선출된 것을 확인할 수 있다.

### 숨겨진 멤버
- 클라이언트는 숨겨진 멤버에 요청을 라우팅 하지 않는다.
- 숨겨진 멤버는 복제 소스로서 바람직하지 않다.
- 덜 강력한 서버 또는 백업 서버를 숨긴다.

localhost:27020을 숨겨보자
```
mdbDefGuide [direct: primary] test> var config = rs.config()

mdbDefGuide [direct: primary] test> config.members[2].hidden = true
true
mdbDefGuide [direct: primary] test> config.members[2].priority = 0
0
mdbDefGuide [direct: primary] test> rs.reconfig(config)
MongoServerError[NodeNotElectable]: This node, localhost:27020, with _id MemberId(2) is not electable under the new configuration with {version: 3, term: 2} for replica set mdbDefGuide
mdbDefGuide [direct: primary] test> var config = rs.config()

mdbDefGuide [direct: primary] test> config.members[1].hidden = true
true
mdbDefGuide [direct: primary] test> config.members[1].priority = 0
0
mdbDefGuide [direct: primary] test> rs.reconfig(config)
{
  ok: 1,
  '$clusterTime': {
    clusterTime: Timestamp({ t: 1726382089, i: 1 }),
    signature: {
      hash: Binary.createFromBase64('AAAAAAAAAAAAAAAAAAAAAAAAAAA=', 0),
      keyId: Long('0')
    }
  },
  operationTime: Timestamp({ t: 1726382089, i: 1 })
}

```
보면 처음에 내가 프라이머리를 숨겨진 멤버로 만들려고 했는데 이를 거절당했다. 
아무래도 몽고디비 입장에서는 불합리하다고 판단한 듯 하다.
그래서 다른 세컨더리를 숨겨진 멤버로 만들었다.

숨겨진 멤버는
- hidden : true
- priority : 0
으로 설정해야 한다.

출력을 해보자.
결론부터 말하면 rs.status()에서는 숨겨진 멤버가 출력되지만 rs.isMaster()에는 출력되지 않는다.
```
mdbDefGuide [direct: primary] test> rs.status()
{
  set: 'mdbDefGuide',
  date: ISODate('2024-09-15T06:35:26.085Z'),
  myState: 1,
  term: Long('2'),
  syncSourceHost: '',
  syncSourceId: -1,
  heartbeatIntervalMillis: Long('2000'),
  majorityVoteCount: 2,
  writeMajorityCount: 2,
  votingMembersCount: 3,
  writableVotingMembersCount: 3,
  optimes: {
    lastCommittedOpTime: { ts: Timestamp({ t: 1726382124, i: 1 }), t: Long('2') },
    lastCommittedWallTime: ISODate('2024-09-15T06:35:24.182Z'),
    readConcernMajorityOpTime: { ts: Timestamp({ t: 1726382124, i: 1 }), t: Long('2') },
    appliedOpTime: { ts: Timestamp({ t: 1726382124, i: 1 }), t: Long('2') },
    durableOpTime: { ts: Timestamp({ t: 1726382124, i: 1 }), t: Long('2') },
    lastAppliedWallTime: ISODate('2024-09-15T06:35:24.182Z'),
    lastDurableWallTime: ISODate('2024-09-15T06:35:24.182Z')
  },
  lastStableRecoveryTimestamp: Timestamp({ t: 1726382089, i: 1 }),
  electionCandidateMetrics: {
    lastElectionReason: 'priorityTakeover',
    lastElectionDate: ISODate('2024-09-15T06:26:33.957Z'),
    electionTerm: Long('2'),
    lastCommittedOpTimeAtElection: { ts: Timestamp({ t: 1726381583, i: 1 }), t: Long('1') },
    lastSeenOpTimeAtElection: { ts: Timestamp({ t: 1726381583, i: 1 }), t: Long('1') },
    numVotesNeeded: 2,
    priorityAtElection: 2,
    electionTimeoutMillis: Long('10000'),
    priorPrimaryMemberId: 0,
    numCatchUpOps: Long('0'),
    newTermStartDate: ISODate('2024-09-15T06:26:33.975Z'),
    wMajorityWriteAvailabilityDate: ISODate('2024-09-15T06:26:33.988Z')
  },
  electionParticipantMetrics: {
    votedForCandidate: true,
    electionTerm: Long('1'),
    lastVoteDate: ISODate('2024-09-15T06:23:48.212Z'),
    electionCandidateMemberId: 0,
    voteReason: '',
    lastAppliedOpTimeAtElection: { ts: Timestamp({ t: 1726381417, i: 1 }), t: Long('-1') },
    maxAppliedOpTimeInSet: { ts: Timestamp({ t: 1726381417, i: 1 }), t: Long('-1') },
    priorityAtElection: 1
  },
  members: [
    {
      _id: 0,
      name: 'localhost:27018',
      health: 1,
      state: 2,
      stateStr: 'SECONDARY',
      uptime: 707,
      optime: { ts: Timestamp({ t: 1726382124, i: 1 }), t: Long('2') },
      optimeDurable: { ts: Timestamp({ t: 1726382124, i: 1 }), t: Long('2') },
      optimeDate: ISODate('2024-09-15T06:35:24.000Z'),
      optimeDurableDate: ISODate('2024-09-15T06:35:24.000Z'),
      lastAppliedWallTime: ISODate('2024-09-15T06:35:24.182Z'),
      lastDurableWallTime: ISODate('2024-09-15T06:35:24.182Z'),
      lastHeartbeat: ISODate('2024-09-15T06:35:25.517Z'),
      lastHeartbeatRecv: ISODate('2024-09-15T06:35:25.517Z'),
      pingMs: Long('0'),
      lastHeartbeatMessage: '',
      syncSourceHost: 'localhost:27020',
      syncSourceId: 2,
      infoMessage: '',
      configVersion: 3,
      configTerm: 2
    },
    {
      _id: 1,
      name: 'localhost:27019',
      health: 1,
      state: 2,
      stateStr: 'SECONDARY',
      uptime: 707,
      optime: { ts: Timestamp({ t: 1726382124, i: 1 }), t: Long('2') },
      optimeDurable: { ts: Timestamp({ t: 1726382124, i: 1 }), t: Long('2') },
      optimeDate: ISODate('2024-09-15T06:35:24.000Z'),
      optimeDurableDate: ISODate('2024-09-15T06:35:24.000Z'),
      lastAppliedWallTime: ISODate('2024-09-15T06:35:24.182Z'),
      lastDurableWallTime: ISODate('2024-09-15T06:35:24.182Z'),
      lastHeartbeat: ISODate('2024-09-15T06:35:25.517Z'),
      lastHeartbeatRecv: ISODate('2024-09-15T06:35:25.517Z'),
      pingMs: Long('0'),
      lastHeartbeatMessage: '',
      syncSourceHost: 'localhost:27018',
      syncSourceId: 0,
      infoMessage: '',
      configVersion: 3,
      configTerm: 2
    },
    {
      _id: 2,
      name: 'localhost:27020',
      health: 1,
      state: 1,
      stateStr: 'PRIMARY',
      uptime: 1023,
      optime: { ts: Timestamp({ t: 1726382124, i: 1 }), t: Long('2') },
      optimeDate: ISODate('2024-09-15T06:35:24.000Z'),
      lastAppliedWallTime: ISODate('2024-09-15T06:35:24.182Z'),
      lastDurableWallTime: ISODate('2024-09-15T06:35:24.182Z'),
      syncSourceHost: '',
      syncSourceId: -1,
      infoMessage: '',
      electionTime: Timestamp({ t: 1726381593, i: 1 }),
      electionDate: ISODate('2024-09-15T06:26:33.000Z'),
      configVersion: 3,
      configTerm: 2,
      self: true,
      lastHeartbeatMessage: ''
    }
  ],
  ok: 1,
  '$clusterTime': {
    clusterTime: Timestamp({ t: 1726382124, i: 1 }),
    signature: {
      hash: Binary.createFromBase64('AAAAAAAAAAAAAAAAAAAAAAAAAAA=', 0),
      keyId: Long('0')
    }
  },
  operationTime: Timestamp({ t: 1726382124, i: 1 })
}

```
```
mdbDefGuide [direct: primary] test> db.isMaster()
{
  topologyVersion: {
    processId: ObjectId('66e67c2f0280ee004296fc58'),
    counter: Long('9')
  },
  hosts: [ 'localhost:27018', 'localhost:27020' ],
  setName: 'mdbDefGuide',
  setVersion: 3,
  ismaster: true,
  secondary: false,
  primary: 'localhost:27020',
  me: 'localhost:27020',
  electionId: ObjectId('7fffffff0000000000000002'),
  lastWrite: {
    opTime: { ts: Timestamp({ t: 1726382164, i: 1 }), t: Long('2') },
    lastWriteDate: ISODate('2024-09-15T06:36:04.000Z'),
    majorityOpTime: { ts: Timestamp({ t: 1726382164, i: 1 }), t: Long('2') },
    majorityWriteDate: ISODate('2024-09-15T06:36:04.000Z')
  },
  maxBsonObjectSize: 16777216,
  maxMessageSizeBytes: 48000000,
  maxWriteBatchSize: 100000,
  localTime: ISODate('2024-09-15T06:36:12.055Z'),
  logicalSessionTimeoutMinutes: 30,
  connectionId: 39,
  minWireVersion: 0,
  maxWireVersion: 21,
  readOnly: false,
  ok: 1,
  '$clusterTime': {
    clusterTime: Timestamp({ t: 1726382164, i: 1 }),
    signature: {
      hash: Binary.createFromBase64('AAAAAAAAAAAAAAAAAAAAAAAAAAA=', 0),
      keyId: Long('0')
    }
  },
  operationTime: Timestamp({ t: 1726382164, i: 1 }),
  isWritablePrimary: true
}
```


#### 추가적으로 쓰기에 대해서 숨겨진 멤버에 제대로 복제가 되었는지 확인해보았다.
읽기 요청이 라우팅되지 않고 또한 프라이머리 선출에서만 멀어진 것이지 백업 서버로도 사용하기 때문에 쓰기 요청에 대해서는 그대로 적용된다.
```
mdbDefGuide [direct: primary] test> for(i=0;i<1000;i++){db.coll.insert({count:i})}
DeprecationWarning: Collection.insert() is deprecated. Use insertOne, insertMany, or bulkWrite.
{
  acknowledged: true,
  insertedIds: { '0': ObjectId('66e681d940e00f3ddf02134f') }
}
mdbDefGuide [direct: primary] test> exit
```
```
kimbyeol@gimbyeol-ui-MacBookPro ~ % mongosh --port 27020
Current Mongosh Log ID:	66e681e9c484ae55e6a30a0c
Connecting to:		mongodb://127.0.0.1:27020/?directConnection=true&serverSelectionTimeoutMS=2000&appName=mongosh+2.3.0
Using MongoDB:		7.0.11
Using Mongosh:		2.3.0
mongosh 2.3.1 is available for download: https://www.mongodb.com/try/download/shell

For mongosh info see: https://www.mongodb.com/docs/mongodb-shell/

------
   The server generated these startup warnings when booting
   2024-09-15T15:18:23.459+09:00: Access control is not enabled for the database. Read and write access to data and configuration is unrestricted
   2024-09-15T15:18:23.459+09:00: This server is bound to localhost. Remote systems will be unable to connect to this server. Start the server with --bind_ip <address> to specify which IP addresses it should serve responses from, or with --bind_ip_all to bind to all interfaces. If this behavior is desired, start the server with --bind_ip 127.0.0.1 to disable this warning
   2024-09-15T15:18:23.459+09:00: Soft rlimits for open file descriptors too low
------

mdbDefGuide [direct: primary] test> show dbs
admin    80.00 KiB
config  244.00 KiB
local   472.00 KiB
test     80.00 KiB
mdbDefGuide [direct: primary] test> show collections
coll
mdbDefGuide [direct: primary] test> db.coll.find()
[
  { _id: ObjectId('66e681d240e00f3ddf020f68'), count: 0 },
  { _id: ObjectId('66e681d240e00f3ddf020f69'), count: 1 },
  { _id: ObjectId('66e681d240e00f3ddf020f6a'), count: 2 },
  { _id: ObjectId('66e681d240e00f3ddf020f6b'), count: 3 },
  { _id: ObjectId('66e681d240e00f3ddf020f6c'), count: 4 },
  { _id: ObjectId('66e681d240e00f3ddf020f6d'), count: 5 },
  { _id: ObjectId('66e681d240e00f3ddf020f6e'), count: 6 },
  { _id: ObjectId('66e681d240e00f3ddf020f6f'), count: 7 },
  { _id: ObjectId('66e681d240e00f3ddf020f70'), count: 8 },
  { _id: ObjectId('66e681d240e00f3ddf020f71'), count: 9 },
  { _id: ObjectId('66e681d240e00f3ddf020f72'), count: 10 },
  { _id: ObjectId('66e681d240e00f3ddf020f73'), count: 11 },
  { _id: ObjectId('66e681d240e00f3ddf020f74'), count: 12 },
  { _id: ObjectId('66e681d240e00f3ddf020f75'), count: 13 },
  { _id: ObjectId('66e681d240e00f3ddf020f76'), count: 14 },
  { _id: ObjectId('66e681d240e00f3ddf020f77'), count: 15 },
  { _id: ObjectId('66e681d240e00f3ddf020f78'), count: 16 },
  { _id: ObjectId('66e681d240e00f3ddf020f79'), count: 17 },
  { _id: ObjectId('66e681d240e00f3ddf020f7a'), count: 18 },
  { _id: ObjectId('66e681d240e00f3ddf020f7b'), count: 19 }
]
Type "it" for more
mdbDefGuide [direct: primary] test> db.coll.count()
DeprecationWarning: Collection.count() is deprecated. Use countDocuments or estimatedDocumentCount.
1000
```

### 아비터 선출
